node.exe : - Building...
At C:\Users\waqar.kashif\AppD
ata\Roaming\npm\ng.ps1:24 
char:5
+     & "node$exe"  "$basedir
/node_modules/@angular/cli/bi
n/ng.js" $arg ...
+     ~~~~~~~~~~~~~~~~~~~~~~~
~~~~~~~~~~~~~~~~~~~~~~~~~~~~~
~~~~~~~~~~~~~
    + CategoryInfo           
   : NotSpecified: (- Build  
  ing...:String) [], Remot   
 eException
    + FullyQualifiedErrorId  
   : NativeCommandError
 

Application bundle generation failed. [4.134 seconds]

Γû▓ [WARNING] All "@import" 
rules must come first 
[invalid-@import]

    src/styles.css:1210:0:
      1210 Γöé @import url('h
ttps://fonts.googleapis.com/c
ss2?family=Inter:wght...
           Γò╡ ~~~~~~~

  This rule cannot come 
before an "@import" rule

    src/styles.css:1:0:
      1 Γöé *, ::before, 
::after {
        Γò╡ ^


X [ERROR] NG5002: Opening 
tag "header" not terminated. 
[plugin angular-compiler]

    src/app/components/header
/header.component.html:0:0:
      0 Γöé 
        Γò╡ ^

  Error occurs in the 
template of component 
HeaderComponent.

    src/app/components/header
/header.component.ts:9:15:
      9 Γöé   templateUrl: 
'./header.component.html'
        Γò╡                
~~~~~~~~~~~~~~~~~~~~~~~~~


X [ERROR] NG5002: Unexpected 
closing tag "header". It may 
happen when the tag has 
already been closed by 
another tag. For more info 
see https://www.w3.org/TR/htm
l5/syntax.html#closing-elemen
ts-that-have-implied-end-tags
 [plugin angular-compiler]

    src/app/components/header
/header.component.html:90:0:
      90 Γöé </header>
         Γò╡ ~~~~~~~~~

  Error occurs in the 
template of component 
HeaderComponent.

    src/app/components/header
/header.component.ts:9:15:
      9 Γöé   templateUrl: 
'./header.component.html'
        Γò╡                
~~~~~~~~~~~~~~~~~~~~~~~~~


